🌌 INITIATING BIZRA APOTHEOSIS...
🦀 Step 1: Hardening Sovereign Kernel...
warning: meta_alpha_dual_agentic@7.0.0: BIZRA Genesis Hash: 3b2d8601aec6422a6d1aaf0fa41057cc23a26a1774b2379262fb429f2f4c4d0d
   Compiling meta_alpha_dual_agentic v7.0.0 (/root/bizra-genesis)
warning: unused import: `crate::types::ReasoningMethod`
 --> src/embodied.rs:8:5
  |
8 | use crate::types::ReasoningMethod;
  |     ^^^^^^^^^^^^^^^^^^^^^^^^^^^^^
  |
  = note: `#[warn(unused_imports)]` (part of `#[warn(unused)]`) on by default

warning: unused import: `IhsanConstitution`
 --> src/sape/harness.rs:2:26
  |
2 | use crate::ihsan::{self, IhsanConstitution};
  |                          ^^^^^^^^^^^^^^^^^

warning: unused import: `std::collections::HashMap`
 --> src/sape/tension.rs:4:5
  |
4 | use std::collections::HashMap;
  |     ^^^^^^^^^^^^^^^^^^^^^^^^^

warning: unused import: `info`
 --> src/sape/tension.rs:5:15
  |
5 | use tracing::{info, instrument, warn};
  |               ^^^^

warning: unused variable: `node_id`
  --> src/federation/mod.rs:16:37
   |
16 |     pub async fn enroll_node(&self, node_id: String, tier: TrustTier) -> Result<EnrollmentCertificate> {
   |                                     ^^^^^^^ help: if this is intentional, prefix it with an underscore: `_node_id`
   |
   = note: `#[warn(unused_variables)]` (part of `#[warn(unused)]`) on by default

warning: `meta_alpha_dual_agentic` (lib) generated 5 warnings (run `cargo fix --lib -p meta_alpha_dual_agentic` to apply 4 suggestions)
warning: unused import: `ihsan`
 --> src/main.rs:3:5
  |
3 |     ihsan, metrics, MetaAlphaDualAgentic, federation::{FederationManager, TrustTier}
  |     ^^^^^
  |
  = note: `#[warn(unused_imports)]` (part of `#[warn(unused)]`) on by default

warning: `meta_alpha_dual_agentic` (bin "meta_alpha_dual_agentic") generated 1 warning (run `cargo fix --bin "meta_alpha_dual_agentic"` to apply 1 suggestion)
    Finished `release` profile [optimized] target(s) in 3m 34s
🚀 Step 2: Synchronizing Node0 Backend...
warning: meta_alpha_dual_agentic@7.0.0: BIZRA Genesis Hash: 3b2d8601aec6422a6d1aaf0fa41057cc23a26a1774b2379262fb429f2f4c4d0d
   Compiling meta_alpha_dual_agentic v7.0.0 (/root/bizra-genesis)
warning: unused import: `crate::types::ReasoningMethod`
 --> src/embodied.rs:8:5
  |
8 | use crate::types::ReasoningMethod;
  |     ^^^^^^^^^^^^^^^^^^^^^^^^^^^^^
  |
  = note: `#[warn(unused_imports)]` (part of `#[warn(unused)]`) on by default

warning: unused import: `IhsanConstitution`
 --> src/sape/harness.rs:2:26
  |
2 | use crate::ihsan::{self, IhsanConstitution};
  |                          ^^^^^^^^^^^^^^^^^

warning: unused import: `std::collections::HashMap`
 --> src/sape/tension.rs:4:5
  |
4 | use std::collections::HashMap;
  |     ^^^^^^^^^^^^^^^^^^^^^^^^^

warning: unused import: `info`
 --> src/sape/tension.rs:5:15
  |
5 | use tracing::{info, instrument, warn};
  |               ^^^^

warning: unused variable: `node_id`
  --> src/federation/mod.rs:16:37
   |
16 |     pub async fn enroll_node(&self, node_id: String, tier: TrustTier) -> Result<EnrollmentCertificate> {
   |                                     ^^^^^^^ help: if this is intentional, prefix it with an underscore: `_node_id`
   |
   = note: `#[warn(unused_variables)]` (part of `#[warn(unused)]`) on by default

warning: `meta_alpha_dual_agentic` (lib) generated 5 warnings (run `cargo fix --lib -p meta_alpha_dual_agentic` to apply 4 suggestions)
   Compiling bizra-node0 v1.0.0 (/root/bizra-genesis/bizra-genesis-node/backend)
warning: unused import: `debug`
 --> bizra-genesis-node/backend/src/core/sare/mod.rs:7:15
  |
7 | use tracing::{debug, info, warn};
  |               ^^^^^
  |
  = note: `#[warn(unused_imports)]` (part of `#[warn(unused)]`) on by default

warning: unused import: `Message`
 --> bizra-genesis-node/backend/src/sovereign_bridge.rs:2:25
  |
2 | use axum::extract::ws::{Message, WebSocket, WebSocketUpgrade};
  |                         ^^^^^^^

warning: unused import: `std::sync::Arc`
 --> bizra-genesis-node/backend/src/sovereign_bridge.rs:5:5
  |
5 | use std::sync::Arc;
  |     ^^^^^^^^^^^^^^

warning: unused import: `tokio::sync::Mutex`
 --> bizra-genesis-node/backend/src/sovereign_bridge.rs:6:5
  |
6 | use tokio::sync::Mutex;
  |     ^^^^^^^^^^^^^^^^^^

warning: unused variable: `msg`
  --> bizra-genesis-node/backend/src/sovereign_bridge.rs:72:19
   |
72 |         if let Ok(msg) = msg {
   |                   ^^^ help: if this is intentional, prefix it with an underscore: `_msg`
   |
   = note: `#[warn(unused_variables)]` (part of `#[warn(unused)]`) on by default

warning: field `halt_threshold` is never read
   --> bizra-genesis-node/backend/src/agents/sat.rs:113:5
    |
111 | pub struct SatOrchestrator {
    |            --------------- field in this struct
112 |     ihsan_threshold: f64,
113 |     halt_threshold: f64,
    |     ^^^^^^^^^^^^^^
    |
    = note: `#[warn(dead_code)]` (part of `#[warn(unused)]`) on by default

warning: field `created_at` is never read
  --> bizra-genesis-node/backend/src/core/cache.rs:44:5
   |
42 | struct CacheEntry<V> {
   |        ---------- field in this struct
43 |     value: V,
44 |     created_at: Instant,
   |     ^^^^^^^^^^
   |
   = note: `CacheEntry` has derived impls for the traits `Clone` and `Debug`, but these are intentionally ignored during dead code analysis

warning: field `key` is never read
  --> bizra-genesis-node/backend/src/core/cache.rs:87:5
   |
86 | struct LruNode<K> {
   |        ------- field in this struct
87 |     key: K,
   |     ^^^

warning: field `duration` is never read
   --> bizra-genesis-node/backend/src/core/circuit_breaker.rs:142:15
    |
142 |     Failure { duration: Duration },
    |     -------   ^^^^^^^^
    |     |
    |     field in this variant
    |
    = note: `CallOutcome` has derived impls for the traits `Clone` and `Debug`, but these are intentionally ignored during dead code analysis

warning: variant `Timeout` is never constructed
   --> bizra-genesis-node/backend/src/core/circuit_breaker.rs:143:5
    |
140 | enum CallOutcome {
    |      ----------- variant in this enum
...
143 |     Timeout,
    |     ^^^^^^^
    |
    = note: `CallOutcome` has derived impls for the traits `Clone` and `Debug`, but these are intentionally ignored during dead code analysis

warning: fields `name` and `labels` are never read
   --> bizra-genesis-node/backend/src/core/metrics.rs:516:5
    |
515 | pub struct TimeSeries {
    |            ---------- fields in this struct
516 |     name: String,
    |     ^^^^
517 |     labels: Labels,
    |     ^^^^^^
    |
    = note: `TimeSeries` has a derived impl for the trait `Debug`, but this is intentionally ignored during dead code analysis

warning: field `time_series` is never read
   --> bizra-genesis-node/backend/src/core/metrics.rs:634:5
    |
630 | pub struct MetricsRegistry {
    |            --------------- field in this struct
...
634 |     time_series: RwLock<HashMap<String, Arc<TimeSeries>>>,
    |     ^^^^^^^^^^^

warning: field `state` is never read
  --> bizra-genesis-node/backend/src/core/sare/mod.rs:10:5
   |
 9 | pub struct SareEngine {
   |            ---------- field in this struct
10 |     state: Arc<AppState>,
   |     ^^^^^

warning: hiding a lifetime that's elided elsewhere is confusing
   --> bizra-genesis-node/backend/src/core/circuit_breaker.rs:312:37
    |
312 |     pub async fn acquire_permission(&self) -> Result<CallPermit, CircuitBreakerError> {
    |                                     ^^^^^            ^^^^^^^^^^ the same lifetime is hidden here
    |                                     |
    |                                     the lifetime is elided here
    |
    = help: the same lifetime is referred to in inconsistent ways, making the signature confusing
    = note: `#[warn(mismatched_lifetime_syntaxes)]` on by default
help: use `'_` for type paths
    |
312 |     pub async fn acquire_permission(&self) -> Result<CallPermit<'_>, CircuitBreakerError> {
    |                                                                ++++

warning: calls to `std::mem::drop` with a reference instead of an owned value does nothing
   --> bizra-genesis-node/backend/src/core/scheduler.rs:796:17
    |
796 |                 drop(task); // Explicitly drop the mutable borrow
    |                 ^^^^^----^
    |                      |
    |                      argument has type `&mut Task`
    |
    = note: `#[warn(dropping_references)]` on by default
help: use `let _ = ...` to ignore the expression or result
    |
796 -                 drop(task); // Explicitly drop the mutable borrow
796 +                 let _ = task; // Explicitly drop the mutable borrow
    |

warning: calls to `std::mem::drop` with a reference instead of an owned value does nothing
   --> bizra-genesis-node/backend/src/core/scheduler.rs:865:25
    |
865 |                         drop(task); // Release the mutable borrow
    |                         ^^^^^----^
    |                              |
    |                              argument has type `&mut Task`
    |
help: use `let _ = ...` to ignore the expression or result
    |
865 -                         drop(task); // Release the mutable borrow
865 +                         let _ = task; // Release the mutable borrow
    |

warning: `bizra-node0` (lib) generated 16 warnings (run `cargo fix --lib -p bizra-node0` to apply 5 suggestions)
warning: field `params` is never read
   --> bizra-genesis-node/backend/src/main.rs:262:5
    |
260 | struct DualExecutePayload {
    |        ------------------ field in this struct
261 |     intent: String,
262 |     params: Option<serde_json::Value>,
    |     ^^^^^^
    |
    = note: `DualExecutePayload` has a derived impl for the trait `Debug`, but this is intentionally ignored during dead code analysis
    = note: `#[warn(dead_code)]` (part of `#[warn(unused)]`) on by default

warning: struct `Asset` is never constructed
    --> bizra-genesis-node/backend/src/main.rs:1410:8
     |
1410 | struct Asset {
     |        ^^^^^

warning: `bizra-node0` (bin "apiserver") generated 2 warnings
    Finished `release` profile [optimized] target(s) in 2m 53s
🎨 Step 3: Materializing Sovereign Canvas UI...
npm WARN workspaces bizra-ui-sovereign in filter set, but no workspace folder present
npm WARN EBADENGINE Unsupported engine {
npm WARN EBADENGINE   package: 'bizra-node0@1.0.0',
npm WARN EBADENGINE   required: { node: '>=20.0.0', pnpm: '>=8.0.0' },
npm WARN EBADENGINE   current: { node: 'v18.19.1', npm: '9.2.0' }
npm WARN EBADENGINE }
npm WARN EBADENGINE Unsupported engine {
npm WARN EBADENGINE   package: '@isaacs/balanced-match@4.0.1',
npm WARN EBADENGINE   required: { node: '20 || >=22' },
npm WARN EBADENGINE   current: { node: 'v18.19.1', npm: '9.2.0' }
npm WARN EBADENGINE }
npm WARN EBADENGINE Unsupported engine {
npm WARN EBADENGINE   package: '@isaacs/brace-expansion@5.0.0',
npm WARN EBADENGINE   required: { node: '20 || >=22' },
npm WARN EBADENGINE   current: { node: 'v18.19.1', npm: '9.2.0' }
npm WARN EBADENGINE }
npm WARN EBADENGINE Unsupported engine {
npm WARN EBADENGINE   package: 'glob@11.1.0',
npm WARN EBADENGINE   required: { node: '20 || >=22' },
npm WARN EBADENGINE   current: { node: 'v18.19.1', npm: '9.2.0' }
npm WARN EBADENGINE }
npm WARN EBADENGINE Unsupported engine {
npm WARN EBADENGINE   package: 'minimatch@10.1.1',
npm WARN EBADENGINE   required: { node: '20 || >=22' },
npm WARN EBADENGINE   current: { node: 'v18.19.1', npm: '9.2.0' }
npm WARN EBADENGINE }
npm WARN EBADENGINE Unsupported engine {
npm WARN EBADENGINE   package: 'jackspeak@4.1.1',
npm WARN EBADENGINE   required: { node: '20 || >=22' },
npm WARN EBADENGINE   current: { node: 'v18.19.1', npm: '9.2.0' }
npm WARN EBADENGINE }
npm WARN EBADENGINE Unsupported engine {
npm WARN EBADENGINE   package: 'path-scurry@2.0.1',
npm WARN EBADENGINE   required: { node: '20 || >=22' },
npm WARN EBADENGINE   current: { node: 'v18.19.1', npm: '9.2.0' }
npm WARN EBADENGINE }
npm WARN EBADENGINE Unsupported engine {
npm WARN EBADENGINE   package: 'lru-cache@11.2.4',
npm WARN EBADENGINE   required: { node: '20 || >=22' },
npm WARN EBADENGINE   current: { node: 'v18.19.1', npm: '9.2.0' }
npm WARN EBADENGINE }
npm WARN EBADENGINE Unsupported engine {
npm WARN EBADENGINE   package: 'next@16.0.10',
npm WARN EBADENGINE   required: { node: '>=20.9.0' },
npm WARN EBADENGINE   current: { node: 'v18.19.1', npm: '9.2.0' }
npm WARN EBADENGINE }

> bizra-node0@1.0.0 prepare
> node -e "try { require('husky').install() } catch (e) { if (e.code !== 'MODULE_NOT_FOUND') throw e }"

fatal: not a git repository: /root/bizra-genesis/bizra-genesis-node/../.git/modules/bizra-genesis-node
husky - git command not found, skipping install

added 167 packages, and audited 1195 packages in 1m

93 packages are looking for funding
  run `npm fund` for details

found 0 vulnerabilities

> bizra-ui-sovereign@0.1.0 build
> next build

You are using Node.js 18.19.1. For Next.js, Node.js version ">=20.9.0" is required.
npm ERR! Lifecycle script `build` failed with error: 
npm ERR! Error: command failed 
npm ERR!   in workspace: bizra-ui-sovereign@0.1.0 
npm ERR!   at location: /root/bizra-genesis/bizra-genesis-node/apps/ui-sovereign 
