2026-01-08 20:08:37,806 - BIZRAv7 - INFO - 🧬 Reproducibility locked with seed: 42
2026-01-08 20:08:37,807 - BIZRAv7 - INFO - 🚀 Initializing BIZRA v7.0 with Resonance Mesh...
2026-01-08 20:09:14,522 - BIZRAv7 - INFO - 🧬 Reproducibility locked with seed: 42
2026-01-08 20:09:14,522 - BIZRAv7 - INFO - 🚀 Initializing BIZRA v7.0 with Resonance Mesh...
2026-01-08 20:09:14,522 - BIZRAv7 - INFO - ✅ Resonance Mesh initialized
2026-01-08 20:09:14,522 - BIZRAv7 - INFO - 🔄 Starting autonomous resonance optimization...
2026-01-08 20:09:14,522 - BIZRAv7 - INFO - 🎭 Running Resonance Mesh demonstration...
2026-01-08 20:09:36,659 - BIZRAv7 - INFO - 🧬 Reproducibility locked with seed: 42
2026-01-08 20:09:36,659 - BIZRAv7 - INFO - 🚀 Initializing BIZRA v7.0 with Resonance Mesh...
2026-01-08 20:09:36,659 - BIZRAv7 - INFO - ✅ Resonance Mesh initialized
2026-01-08 20:09:36,659 - BIZRAv7 - INFO - 🔄 Starting autonomous resonance optimization...
2026-01-08 20:09:36,660 - BIZRAv7 - INFO - 🎭 Running Resonance Mesh demonstration...
2026-01-08 20:09:54,687 - BIZRAv7 - INFO - 🧬 Reproducibility locked with seed: 42
2026-01-08 20:09:54,687 - BIZRAv7 - INFO - 🚀 Initializing BIZRA v7.0 with Resonance Mesh...
2026-01-08 20:09:54,687 - BIZRAv7 - INFO - ✅ Resonance Mesh initialized
2026-01-08 20:09:54,687 - BIZRAv7 - INFO - 🔄 Starting autonomous resonance optimization...
2026-01-08 20:09:54,688 - BIZRAv7 - INFO - 🎭 Running Resonance Mesh demonstration...
2026-01-08 20:10:15,830 - BIZRAv7 - INFO - 🧬 Reproducibility locked with seed: 42
2026-01-08 20:10:15,830 - BIZRAv7 - INFO - 🚀 Initializing BIZRA v7.0 with Resonance Mesh...
2026-01-08 20:10:15,830 - BIZRAv7 - INFO - ✅ Resonance Mesh initialized
2026-01-08 20:10:15,830 - BIZRAv7 - INFO - 🔄 Starting autonomous resonance optimization...
2026-01-08 20:10:15,831 - BIZRAv7 - INFO - 🎭 Running Resonance Mesh demonstration...
2026-01-08 20:10:15,834 - BIZRAv7 - INFO - 💾 Evidence pack saved to: attestations/peak_masterpiece_20260108T161015Z.json
2026-01-08 20:26:26,029 - BIZRAv7 - INFO - 🧬 Reproducibility locked with seed: 42
2026-01-08 20:26:26,029 - BIZRAv7 - INFO - 🚀 Initializing BIZRA v7.0 with Resonance Mesh...
2026-01-08 20:26:26,029 - BIZRAv7 - INFO - ✅ Resonance Mesh initialized
2026-01-08 20:26:26,029 - BIZRAv7 - INFO - 🔄 Starting autonomous resonance optimization...
2026-01-08 20:26:26,029 - BIZRAv7 - INFO - 🎭 Running Resonance Mesh demonstration...
2026-01-08 20:26:26,033 - BIZRAv7 - INFO - 💾 Evidence pack saved to: attestations/peak_masterpiece_20260108T162626Z.json
2026-01-08 21:10:10,308 - BIZRAv7 - INFO - 🧬 Reproducibility locked with seed: 42
2026-01-08 21:10:10,309 - BIZRAv7 - INFO - 🚀 Initializing BIZRA v7.0 with Resonance Mesh...
2026-01-08 21:10:10,309 - BIZRAv7 - INFO - ✅ Resonance Mesh initialized
2026-01-08 21:10:10,309 - BIZRAv7 - INFO - 🔄 Starting autonomous resonance optimization...
2026-01-08 21:10:10,309 - BIZRAv7 - INFO - 🎭 Running Resonance Mesh demonstration...
2026-01-08 21:10:10,313 - BIZRAv7 - INFO - 💾 Evidence pack saved to: attestations/peak_masterpiece_20260108T171010Z.json
2026-01-08 21:38:11,970 - BIZRAv7 - INFO - 🧬 Reproducibility locked with seed: 42
2026-01-08 21:38:11,971 - BIZRAv7 - INFO - 🚀 Initializing BIZRA v7.0 with Resonance Mesh...
2026-01-08 21:38:11,971 - BIZRAv7 - INFO - ✅ Resonance Mesh initialized
2026-01-08 21:38:11,971 - BIZRAv7 - INFO - 🔄 Starting autonomous resonance optimization...
2026-01-08 21:38:11,971 - BIZRAv7 - INFO - 🎭 Running Resonance Mesh demonstration...
2026-01-08 21:38:11,975 - BIZRAv7 - INFO - 💾 Evidence pack saved to: attestations/peak_masterpiece_20260108T173811Z.json
